// Jest Snapshot v1, https://goo.gl/fbAQLP

exports[`Header matches snapshot 1`] = `
<div
  className="navbar navbar-expand-sm navbar-light bg-light navbar-nav"
>
  <Link
    className="navbar-brand"
    replace={false}
    to="/"
  >
    HD
  </Link>
  <NavLink
    activeClassName="active"
    ariaCurrent="true"
    class="nav-item"
    exact={true}
    to="/"
  >
    <div
      className="nav-link"
    >
      About
    </div>
  </NavLink>
  <NavLink
    activeClassName="active"
    ariaCurrent="true"
    class="nav-item"
    to="/portfolio"
  >
    <div
      className="nav-link"
    >
      Portfolio
    </div>
  </NavLink>
  <NavLink
    activeClassName="active"
    ariaCurrent="true"
    class="nav-item"
    to="/game"
  >
    <div
      className="nav-link"
    >
      Game
    </div>
  </NavLink>
  <NavLink
    activeClassName="active"
    ariaCurrent="true"
    class="nav-item"
    to="/contact"
  >
    <div
      className="nav-link"
    >
      Contact
    </div>
  </NavLink>
</div>
`;
